CHFJPY: 53140 rows
AUDJPY: 53140 rows
CADCHF: 53138 rows
AUDCAD: 53140 rows
AUDCHF: 53135 rows
AUDUSD: 53097 rows
AUDNZD: 53137 rows
CADJPY: 53140 rows
EURCAD: 53140 rows
EURUSD: 53140 rows
EURGBP: 53139 rows
EURAUD: 53139 rows
EURNZD: 53140 rows
EURJPY: 53140 rows
EURCHF: 53140 rows
GBPAUD: 53138 rows
GBPCAD: 53140 rows
GBPUSD: 53140 rows
GBPNZD: 53138 rows
GBPCHF: 53140 rows
NZDJPY: 53140 rows
GBPJPY: 53140 rows
NZDUSD: 53117 rows
NZDCAD: 53140 rows
USDCAD: 53140 rows
USDJPY: 53140 rows
NQ: 52894 rows
USDCHF: 53077 rows
SPX500: 51374 rows
GOLD: 52878 rows
US30: 52875 rows
US2000: 52853 rows
DE30: 48134 rows
UK100: 51367 rows
