EURUSD: loading M1...
  1302 trades
GBPUSD: loading M1...
  1472 trades
USDJPY: loading M1...
  1559 trades
AUDUSD: loading M1...
  1333 trades
USDCHF: loading M1...
  1604 trades
EURAUD: loading M1...
  1546 trades
EURCHF: loading M1...
  1559 trades
AUDJPY: loading M1...
  1568 trades
CADJPY: loading M1...
  1591 trades
CHFJPY: loading M1...
  1540 trades
GOLD: loading M1...
  1336 trades
NQ: loading M1...
  1049 trades
SPX: loading M1...
  536 trades
DOW: loading M1...
  464 trades
US2000: loading M1...
  1260 trades
DE30: loading M1...
  1364 trades
UK100: loading M1...
  1477 trades

Total trades: 22560

=== RESULTS (mean risk_pct held at 1% across all schemes) ===
BASELINE                 sharpe=3.09  cagr=702.14%  maxDD=-38.11%  calmar=18.42  |  cagrNC=238.49%  maxDDNC=-40.84%  calmarNC=5.84
MARGIN_SCALED (prior)    sharpe=3.5  cagr=1080.74%  maxDD=-35.49%  calmar=30.45  |  cagrNC=279.41%  maxDDNC=-37.37%  calmarNC=7.48
ASYMMETRIC               sharpe=3.66  cagr=1337.87%  maxDD=-36.06%  calmar=37.1  |  cagrNC=301.18%  maxDDNC=-38.09%  calmarNC=7.91
ASYMMETRIC + THROTTLE    sharpe=2.9  cagr=235.49%  maxDD=-23.19%  calmar=10.16  |  cagrNC=131.3%  maxDDNC=-23.78%  calmarNC=5.52
ASYMMETRIC + HEAT_CAP(1%) sharpe=0.71  cagr=13.45%  maxDD=-30.65%  calmar=0.44  |  cagrNC=14.82%  maxDDNC=-33.44%  calmarNC=0.44
