AUDCAD 2758 2016-01-04 2026-08-21
AUDCHF 2758 2016-01-04 2026-08-21
AUDJPY 2761 2016-01-04 2026-08-21
AUDNZD 2758 2016-01-04 2026-08-21
AUDUSD 2758 2016-01-04 2026-08-21
CADCHF 2758 2016-01-04 2026-08-21
CADJPY 2758 2016-01-04 2026-08-21
CHFJPY 2758 2016-01-04 2026-08-21
EURAUD 2758 2016-01-04 2026-08-21
EURCAD 2758 2016-01-04 2026-08-21
EURCHF 2758 2016-01-04 2026-08-21
EURGBP 2758 2016-01-04 2026-08-21
EURJPY 2758 2016-01-04 2026-08-21
EURNZD 2758 2016-01-04 2026-08-21
EURUSD 2758 2016-01-04 2026-08-21
GBPAUD 2758 2016-01-04 2026-08-21
GBPCAD 2758 2016-01-04 2026-08-21
GBPCHF 2758 2016-01-04 2026-08-21
GBPJPY 2758 2016-01-04 2026-08-21
GBPNZD 2758 2016-01-04 2026-08-21
GBPUSD 2758 2016-01-04 2026-08-21
NZDCAD 2758 2016-01-04 2026-08-21
NZDJPY 2758 2016-01-04 2026-08-21
NZDUSD 2759 2016-01-04 2026-08-21
USDCAD 2758 2016-01-04 2026-08-21
USDCHF 2758 2016-01-04 2026-08-21
USDJPY 2758 2016-01-04 2026-08-21
GOLD 2745 2016-01-04 2026-08-21
NQ 2748 2016-01-04 2026-08-21
SPX500 2748 2016-01-04 2026-08-21
US30 2748 2016-01-04 2026-08-21
US2000 2748 2016-01-04 2026-08-21
DE30 2702 2016-01-04 2026-08-20
UK100 2687 2016-01-04 2026-08-20
AUDCAD.json 2659
AUDCHF.json 2659
AUDJPY.json 2662
AUDNZD.json 2659
AUDUSD.json 2659
CADCHF.json 2659
CADJPY.json 2659
CHFJPY.json 2659
DE30.json 2603
DOW.json 2649
EURAUD.json 2659
EURCAD.json 2659
EURCHF.json 2659
EURGBP.json 2659
EURJPY.json 2659
EURNZD.json 2659
EURUSD.json 2659
GBPAUD.json 2659
GBPCAD.json 2659
GBPCHF.json 2659
GBPJPY.json 2659
GBPNZD.json 2659
GBPUSD.json 2659
GOLD.json 2646
NQ.json 2649
NZDCAD.json 2659
NZDJPY.json 2659
NZDUSD.json 2660
SPX.json 2649
SPX500.json 2649
UK100.json 2588
US2000.json 2649
US30.json 2649
USDCAD.json 2659
USDCHF.json 2659
USDJPY.json 2659
AUDCAD  n=2628 hl=[1.3314, 1.718, 2.1672]
AUDCHF  n=2628 hl=[1.2979, 1.6899, 2.1833]
AUDJPY  n=2632 hl=[1.2717, 1.6602, 2.1304]
AUDNZD  n=2628 hl=[1.2571, 1.6433, 2.0923]
AUDUSD  n=2628 hl=[1.3476, 1.7455, 2.2454]
CADCHF  n=2627 hl=[1.3271, 1.7543, 2.2648]
CADJPY  n=2628 hl=[1.2916, 1.7063, 2.2067]
CHFJPY  n=2628 hl=[1.28, 1.6689, 2.1227]
EURAUD  n=2628 hl=[1.3327, 1.7465, 2.1919]
EURCAD  n=2628 hl=[1.3693, 1.7696, 2.2697]
EURCHF  n=2628 hl=[1.301, 1.7157, 2.2265]
EURGBP  n=2628 hl=[1.2914, 1.6969, 2.2272]
EURJPY  n=2628 hl=[1.2635, 1.6823, 2.1612]
EURNZD  n=2628 hl=[1.3021, 1.6938, 2.1089]
EURUSD  n=2628 hl=[1.357, 1.7861, 2.2557]
GBPAUD  n=2628 hl=[1.2432, 1.6013, 2.0625]
GBPCAD  n=2628 hl=[1.2794, 1.6776, 2.1734]
GBPCHF  n=2628 hl=[1.2464, 1.6427, 2.1333]
GBPJPY  n=2628 hl=[1.2259, 1.6693, 2.1654]
GBPNZD  n=2628 hl=[1.2644, 1.6316, 2.0871]
GBPUSD  n=2628 hl=[1.2965, 1.6964, 2.2103]
NZDCAD  n=2629 hl=[1.3102, 1.7115, 2.152]
NZDJPY  n=2628 hl=[1.2534, 1.6538, 2.1579]
NZDUSD  n=2632 hl=[1.343, 1.7268, 2.2325]
USDCAD  n=2628 hl=[1.3632, 1.7756, 2.2902]
USDCHF  n=2628 hl=[1.3515, 1.7688, 2.2788]
USDJPY  n=2628 hl=[1.2491, 1.6892, 2.1941]
GOLD    n=2581 hl=[1.347, 1.7858, 2.356]
NQ      n=2584 hl=[1.3673, 1.8119, 2.3528]
SPX500  n=2584 hl=[1.3199, 1.7441, 2.3344]
US30    n=2584 hl=[1.3379, 1.7471, 2.3023]
US2000  n=2584 hl=[1.3509, 1.7471, 2.2507]
DE30    n=2540 hl=[1.3468, 1.7833, 2.3787]
UK100   n=2526 hl=[1.3486, 1.74, 2.2588]
wrote js\forecastLadderParamsHar800.js (34 instruments)
