AUDCAD.json 400,600,1000,1200
AUDCHF.json 400,600,1000,1200
AUDJPY.json 400,600,1000,1200
AUDNZD.json 400,600,1000,1200
AUDUSD.json 400,600,1000,1200
CADCHF.json 400,600,1000,1200
CADJPY.json 400,600,1000,1200
CHFJPY.json 400,600,1000,1200
DE30.json 400,600,1000,1200
DOW.json 400,600,1000,1200
EURAUD.json 400,600,1000,1200
EURCAD.json 400,600,1000,1200
EURCHF.json 400,600,1000,1200
EURGBP.json 400,600,1000,1200
EURJPY.json 400,600,1000,1200
EURNZD.json 400,600,1000,1200
EURUSD.json 400,600,1000,1200
GBPAUD.json 400,600,1000,1200
GBPCAD.json 400,600,1000,1200
GBPCHF.json 400,600,1000,1200
GBPJPY.json 400,600,1000,1200
GBPNZD.json 400,600,1000,1200
GBPUSD.json 400,600,1000,1200
GOLD.json 400,600,1000,1200
NQ.json 400,600,1000,1200
NZDCAD.json 400,600,1000,1200
NZDJPY.json 400,600,1000,1200
NZDUSD.json 400,600,1000,1200
SPX.json 400,600,1000,1200
SPX500.json 400,600,1000,1200
UK100.json 400,600,1000,1200
US2000.json 400,600,1000,1200
US30.json 400,600,1000,1200
USDCAD.json 400,600,1000,1200
USDCHF.json 400,600,1000,1200
USDJPY.json 400,600,1000,1200
