EURUSD: loading M1...
  1302 concurrency-capped margin>=3 trades
GBPUSD: loading M1...
  1472 concurrency-capped margin>=3 trades
USDJPY: loading M1...
  1559 concurrency-capped margin>=3 trades
AUDUSD: loading M1...
  1333 concurrency-capped margin>=3 trades
USDCHF: loading M1...
  1604 concurrency-capped margin>=3 trades
EURAUD: loading M1...
  1546 concurrency-capped margin>=3 trades
EURCHF: loading M1...
  1559 concurrency-capped margin>=3 trades
AUDJPY: loading M1...
  1568 concurrency-capped margin>=3 trades
CADJPY: loading M1...
  1591 concurrency-capped margin>=3 trades
CHFJPY: loading M1...
  1540 concurrency-capped margin>=3 trades
GOLD: loading M1...
  1336 concurrency-capped margin>=3 trades
NQ: loading M1...
  1049 concurrency-capped margin>=3 trades
SPX: loading M1...
  536 concurrency-capped margin>=3 trades
DOW: loading M1...
  464 concurrency-capped margin>=3 trades
US2000: loading M1...
  1260 concurrency-capped margin>=3 trades
DE30: loading M1...
  1364 concurrency-capped margin>=3 trades
UK100: loading M1...
  1477 concurrency-capped margin>=3 trades

Total trades for Kelly calc: 22560

=== KELLY (corrected trade population) ===
n=22560  winRate=55.0%  avgWinR=0.761R  avgLossR=0.820R  meanR=0.0492  varR=0.7355
Continuous Kelly f* = 6.68%  |  Binary-approx Kelly f* = 7.88%

=== SIZING SWEEP (Kelly f*=6.68% marked) ===
risk%    sharpe   cagr%      maxDD%    calmar   cagrNC%    maxDDNC%   calmarNC
0.25     3.09     78.07      -10.11    7.72     59.62      -10.21     5.84
0.5      3.09     205.25     -19.91    10.31    119.25     -20.42     5.84
0.75     3.09     404.05     -29.28    13.8     178.87     -30.63     5.84
1        3.09     702.14     -38.11    18.42    238.49     -40.84     5.84
1.5      3.09     1720.29    -53.9     31.92    357.74     -61.26     5.84
2        3.09     3471.06    -66.93    51.86    476.98     -81.68     5.84
3        3.09     8715.64    -86.27    101.02   715.47     -122.53    5.84
4        3.09     11403.03   -96.85    117.74   953.97     -163.37    5.84
5        3.09     6609.01    -99.91    66.15    1192.46    -204.21    5.84
6.68     3.09     -98.84     -304.39   -0.32    1593.12    -272.83    5.84 <-- KELLY
8.36     3.09     -94.64     -100      -0.95    1993.79    -341.44    5.84
10.03    3.09     -98.84     -218.93   -0.45    2392.07    -409.65    5.84
