EURUSD: loading M1...
  IS 3749 priced trades, OOS 2595
GBPUSD: loading M1...
  IS 3843 priced trades, OOS 2559
USDJPY: loading M1...
  IS 3715 priced trades, OOS 2525
AUDUSD: loading M1...
  IS 3907 priced trades, OOS 2684
USDCHF: loading M1...
  IS 4016 priced trades, OOS 2715
EURAUD: loading M1...
  IS 3951 priced trades, OOS 2549
EURCHF: loading M1...
  IS 4014 priced trades, OOS 2722
AUDJPY: loading M1...
  IS 3793 priced trades, OOS 2575
CADJPY: loading M1...
  IS 3825 priced trades, OOS 2627
CHFJPY: loading M1...
  IS 3791 priced trades, OOS 2723
GOLD: loading M1...
  IS 3907 priced trades, OOS 2517
NQ: loading M1...
  IS 3611 priced trades, OOS 2363
SPX: loading M1...
  IS 1797 priced trades, OOS 1167
DOW: loading M1...
  IS 1835 priced trades, OOS 1226
US2000: loading M1...
  IS 3633 priced trades, OOS 2468
DE30: loading M1...
  IS 3674 priced trades, OOS 2417
UK100: loading M1...
  IS 3595 priced trades, OOS 2356

Total: IS 60656, OOS 40788
Base (no dimension, pooled): IS mean=-0.0175  OOS mean=-0.0170

5 held findings (n>=30 both halves, |delta|>=0.005, same sign)

dim              bucket       nIS    meanIS    nOOS   meanOOS   deltaOOS  tOOS    absolute
approachVel      3·spike      3454   -0.0051   2759   0.0086    0.0256    1.23    POSITIVE
wtSlow           1·counter    748    0.0052    528    0.0067    0.0236    0.34    POSITIVE
wtState          2·neutral    26523  -0.0234   17783  -0.0224   -0.0055   -9.78   still negative
prevCloseLoc     3·beyond-p75-up 8367   -0.0254   6015   -0.0249   -0.008    -5.86   still negative
wtMtf            1·against    543    -0.0454   432    -0.032    -0.0151   -1.85   still negative

2 of 5 held findings flip to ABSOLUTE POSITIVE mean PnL in OOS, not just relatively better than the (negative) base.

Wrote C:\Users\relli\OneDrive\Documents\Programming\Trading\v2 trading model\MacroFXModel\analysis\output/level_base_rates_confluence_book.json
