EURUSD: loading M1...
  3453 trades
GBPUSD: loading M1...
  3448 trades
USDJPY: loading M1...
  3371 trades
AUDUSD: loading M1...
  3636 trades
USDCHF: loading M1...
  3657 trades
EURAUD: loading M1...
  3600 trades
EURCHF: loading M1...
  3794 trades
AUDJPY: loading M1...
  3533 trades
CADJPY: loading M1...
  3468 trades
CHFJPY: loading M1...
  3621 trades
GOLD: loading M1...
  3505 trades
NQ: loading M1...
  3190 trades
SPX: loading M1...
  1627 trades
DOW: loading M1...
  1643 trades
US2000: loading M1...
  3269 trades
DE30: loading M1...
  3348 trades
UK100: loading M1...
  3220 trades

Total: 55383 trades

========================================================================
THREAD 2 (naive, unfiltered, no vote/margin) -- MFE STATE -> OUTCOME
========================================================================
MFE bucket         n        win%    avgFinalR    avgGiveback
0-0.25R       13442       6.6%      -0.769         0.893
0.25-0.5R      9947      22.8%      -0.600         0.966
0.5-0.75R      9574      53.2%      -0.141         0.782
0.75-1.0R     19119      94.7%       0.675         0.186
1.0-1.5R       2763      99.0%       0.813         0.300
1.5-2.0R        321      96.0%       0.714         0.989
2.0R+           217      89.4%       0.590         1.937

--- FOLLOW only (n=35266, typical targetR ~0.80) ---
0-0.25R        8893       5.8%      -0.776         0.893
0.25-0.5R      5936      21.8%      -0.612         0.979
0.5-0.75R      6445      56.0%      -0.083         0.731
0.75-1.0R     12407      96.2%       0.692         0.160
1.0-1.5R       1332     100.0%       0.805         0.314
1.5-2.0R        154     100.0%       0.762         0.919
2.0R+            99     100.0%       0.754         1.782

--- FADE only (n=20117, typical targetR ~0.85) ---
0-0.25R        4549       8.0%      -0.755         0.894
0.25-0.5R      4011      24.1%      -0.583         0.947
0.5-0.75R      3129      47.2%      -0.259         0.886
0.75-1.0R      6712      92.1%       0.642         0.233
1.0-1.5R       1431      98.0%       0.821         0.287
1.5-2.0R        167      92.2%       0.669         1.053
2.0R+           118      80.5%       0.453         2.068

--- per pair: win% at MFE<0.25R (follow vs fade) ---
  EURUSD   follow(n=575): 5.4%   fade(n=255): 12.5%
  GBPUSD   follow(n=547): 4.2%   fade(n=301): 8.6%
  USDJPY   follow(n=545): 7.9%   fade(n=271): 7.7%
  AUDUSD   follow(n=552): 5.4%   fade(n=278): 7.9%
  USDCHF   follow(n=602): 5.6%   fade(n=286): 5.6%
  EURAUD   follow(n=635): 5.8%   fade(n=276): 6.2%
  EURCHF   follow(n=636): 7.2%   fade(n=294): 8.8%
  AUDJPY   follow(n=527): 5.7%   fade(n=283): 7.4%
  CADJPY   follow(n=541): 6.3%   fade(n=280): 8.6%
  CHFJPY   follow(n=606): 5.4%   fade(n=283): 7.4%
  GOLD     follow(n=550): 4.7%   fade(n=311): 6.1%
  NQ       follow(n=518): 4.8%   fade(n=306): 9.8%
  SPX      follow(n=255): 9.4%   fade(n=143): 8.4%
  DOW      follow(n=265): 3.8%   fade(n=138): 7.2%
  US2000   follow(n=536): 4.7%   fade(n=268): 7.8%
  DE30     follow(n=511): 5.3%   fade(n=289): 8.7%
  UK100    follow(n=492): 8.3%   fade(n=287): 6.6%
