EURUSD: loading M1...
  3860630 bars, 557 normal weekend/long closures, 10 SUSPICIOUS gaps
GBPUSD: loading M1...
  3835652 bars, 557 normal weekend/long closures, 10 SUSPICIOUS gaps
USDJPY: loading M1...
  3895465 bars, 557 normal weekend/long closures, 10 SUSPICIOUS gaps
AUDUSD: loading M1...
  3706195 bars, 557 normal weekend/long closures, 12 SUSPICIOUS gaps
USDCHF: loading M1...
  3611676 bars, 557 normal weekend/long closures, 12 SUSPICIOUS gaps
EURAUD: loading M1...
  3897691 bars, 557 normal weekend/long closures, 12 SUSPICIOUS gaps
EURCHF: loading M1...
  3764066 bars, 557 normal weekend/long closures, 10 SUSPICIOUS gaps
AUDJPY: loading M1...
  3948712 bars, 557 normal weekend/long closures, 10 SUSPICIOUS gaps
CADJPY: loading M1...
  3966105 bars, 557 normal weekend/long closures, 10 SUSPICIOUS gaps
CHFJPY: loading M1...
  3955293 bars, 557 normal weekend/long closures, 11 SUSPICIOUS gaps
GOLD: loading M1...
  3741276 bars, 557 normal weekend/long closures, 78 SUSPICIOUS gaps
NQ: loading M1...
  3714090 bars, 557 normal weekend/long closures, 101 SUSPICIOUS gaps
SPX: loading M1...
  1713101 bars, 260 normal weekend/long closures, 46 SUSPICIOUS gaps
DOW: loading M1...
  1743788 bars, 260 normal weekend/long closures, 45 SUSPICIOUS gaps
US2000: loading M1...
  3546687 bars, 557 normal weekend/long closures, 592 SUSPICIOUS gaps
DE30: loading M1...
  2959675 bars, 562 normal weekend/long closures, 2161 SUSPICIOUS gaps
UK100: loading M1...
  3021260 bars, 560 normal weekend/long closures, 2145 SUSPICIOUS gaps

================================================================================
SUSPICIOUS GAPS (not a normal weekend/rollover) -- 5275 total
================================================================================
  UK100    2018-12-31T12:49:00.000Z -> 2019-01-02T01:00:00.000Z  (2171 min)
  UK100    2019-12-31T12:49:00.000Z -> 2020-01-02T01:00:00.000Z  (2171 min)
  UK100    2024-12-31T12:49:00.000Z -> 2025-01-02T01:00:00.000Z  (2171 min)
  UK100    2025-12-31T12:49:00.000Z -> 2026-01-02T01:00:00.000Z  (2171 min)
  DE30     2017-10-02T19:59:00.000Z -> 2017-10-04T06:00:00.000Z  (2041 min)
  DE30     2017-10-30T20:59:00.000Z -> 2017-11-01T07:00:00.000Z  (2041 min)
  DE30     2018-04-30T19:59:00.000Z -> 2018-05-02T06:00:00.000Z  (2041 min)
  DE30     2018-10-02T19:59:00.000Z -> 2018-10-04T06:00:00.000Z  (2041 min)
  US2000   2024-12-24T18:14:00.000Z -> 2024-12-25T23:01:00.000Z  (1727 min)
  NQ       2018-12-24T18:14:00.000Z -> 2018-12-25T23:00:00.000Z  (1726 min)
  NQ       2019-12-24T18:14:00.000Z -> 2019-12-25T23:00:00.000Z  (1726 min)
  NQ       2024-12-24T18:14:00.000Z -> 2024-12-25T23:00:00.000Z  (1726 min)
  NQ       2025-12-24T18:14:00.000Z -> 2025-12-25T23:00:00.000Z  (1726 min)
  SPX      2024-12-24T18:14:00.000Z -> 2024-12-25T23:00:00.000Z  (1726 min)
  SPX      2025-12-24T18:14:00.000Z -> 2025-12-25T23:00:00.000Z  (1726 min)
  DOW      2024-12-24T18:14:00.000Z -> 2024-12-25T23:00:00.000Z  (1726 min)
  DOW      2025-12-24T18:14:00.000Z -> 2025-12-25T23:00:00.000Z  (1726 min)
  US2000   2018-12-24T18:14:00.000Z -> 2018-12-25T23:00:00.000Z  (1726 min)
  US2000   2019-12-24T18:14:00.000Z -> 2019-12-25T23:00:00.000Z  (1726 min)
  US2000   2025-12-24T18:14:00.000Z -> 2025-12-25T23:00:00.000Z  (1726 min)
  GOLD     2024-12-24T18:44:00.000Z -> 2024-12-25T23:04:00.000Z  (1700 min)
  GOLD     2025-12-24T18:44:00.000Z -> 2025-12-25T23:04:00.000Z  (1700 min)
  GOLD     2019-12-24T18:44:00.000Z -> 2019-12-25T23:00:00.000Z  (1696 min)
  DE30     2019-04-30T19:59:00.000Z -> 2019-05-02T00:15:00.000Z  (1696 min)
  DE30     2024-04-30T19:59:00.000Z -> 2024-05-02T00:15:00.000Z  (1696 min)
  DE30     2025-04-30T19:59:00.000Z -> 2025-05-02T00:15:00.000Z  (1696 min)
  CHFJPY   2024-12-24T20:48:00.000Z -> 2024-12-25T22:04:00.000Z  (1516 min)
  GOLD     2024-12-31T21:59:00.000Z -> 2025-01-01T23:04:00.000Z  (1505 min)
  GOLD     2025-12-31T21:59:00.000Z -> 2026-01-01T23:04:00.000Z  (1505 min)
  SPX      2025-12-31T21:57:00.000Z -> 2026-01-01T23:00:00.000Z  (1503 min)
  US2000   2025-12-31T21:58:00.000Z -> 2026-01-01T23:00:00.000Z  (1502 min)
  GOLD     2018-12-31T21:59:00.000Z -> 2019-01-01T23:00:00.000Z  (1501 min)
  GOLD     2019-12-31T21:59:00.000Z -> 2020-01-01T23:00:00.000Z  (1501 min)
  NQ       2018-12-31T21:59:00.000Z -> 2019-01-01T23:00:00.000Z  (1501 min)
  NQ       2019-12-31T21:59:00.000Z -> 2020-01-01T23:00:00.000Z  (1501 min)
  NQ       2024-12-31T21:59:00.000Z -> 2025-01-01T23:00:00.000Z  (1501 min)
  NQ       2025-12-31T21:59:00.000Z -> 2026-01-01T23:00:00.000Z  (1501 min)
  SPX      2024-12-31T21:59:00.000Z -> 2025-01-01T23:00:00.000Z  (1501 min)
  DOW      2024-12-31T21:59:00.000Z -> 2025-01-01T23:00:00.000Z  (1501 min)
  DOW      2025-12-31T21:59:00.000Z -> 2026-01-01T23:00:00.000Z  (1501 min)
  US2000   2018-12-31T21:59:00.000Z -> 2019-01-01T23:00:00.000Z  (1501 min)
  US2000   2019-12-31T21:59:00.000Z -> 2020-01-01T23:00:00.000Z  (1501 min)
  US2000   2024-12-31T21:59:00.000Z -> 2025-01-01T23:00:00.000Z  (1501 min)
  EURAUD   2024-12-24T21:44:00.000Z -> 2024-12-25T22:04:00.000Z  (1460 min)
  AUDJPY   2024-12-24T21:48:00.000Z -> 2024-12-25T22:04:00.000Z  (1456 min)
  USDJPY   2018-12-24T21:50:00.000Z -> 2018-12-25T22:00:00.000Z  (1450 min)
  USDJPY   2024-12-24T21:54:00.000Z -> 2024-12-25T22:04:00.000Z  (1450 min)
  CADJPY   2024-12-24T21:54:00.000Z -> 2024-12-25T22:04:00.000Z  (1450 min)
  AUDUSD   2024-12-24T21:55:00.000Z -> 2024-12-25T22:04:00.000Z  (1449 min)
  EURUSD   2024-12-24T21:58:00.000Z -> 2024-12-25T22:04:00.000Z  (1446 min)
  GBPUSD   2024-12-24T21:58:00.000Z -> 2024-12-25T22:04:00.000Z  (1446 min)
  AUDUSD   2025-12-24T21:58:00.000Z -> 2025-12-25T22:04:00.000Z  (1446 min)
  CADJPY   2025-12-24T21:58:00.000Z -> 2025-12-25T22:04:00.000Z  (1446 min)
  EURUSD   2024-12-31T21:59:00.000Z -> 2025-01-01T22:04:00.000Z  (1445 min)
  EURUSD   2025-12-24T21:59:00.000Z -> 2025-12-25T22:04:00.000Z  (1445 min)
  EURUSD   2025-12-31T21:59:00.000Z -> 2026-01-01T22:04:00.000Z  (1445 min)
  GBPUSD   2024-12-31T21:59:00.000Z -> 2025-01-01T22:04:00.000Z  (1445 min)
  GBPUSD   2025-12-24T21:59:00.000Z -> 2025-12-25T22:04:00.000Z  (1445 min)
  GBPUSD   2025-12-31T21:59:00.000Z -> 2026-01-01T22:04:00.000Z  (1445 min)
  USDJPY   2024-12-31T21:59:00.000Z -> 2025-01-01T22:04:00.000Z  (1445 min)
  USDJPY   2025-12-24T21:59:00.000Z -> 2025-12-25T22:04:00.000Z  (1445 min)
  USDJPY   2025-12-31T21:59:00.000Z -> 2026-01-01T22:04:00.000Z  (1445 min)
  AUDUSD   2024-12-31T21:59:00.000Z -> 2025-01-01T22:04:00.000Z  (1445 min)
  AUDUSD   2025-12-31T21:59:00.000Z -> 2026-01-01T22:04:00.000Z  (1445 min)
  USDCHF   2024-12-24T21:59:00.000Z -> 2024-12-25T22:04:00.000Z  (1445 min)
  USDCHF   2024-12-31T21:59:00.000Z -> 2025-01-01T22:04:00.000Z  (1445 min)
  USDCHF   2025-12-24T21:59:00.000Z -> 2025-12-25T22:04:00.000Z  (1445 min)
  USDCHF   2025-12-31T21:59:00.000Z -> 2026-01-01T22:04:00.000Z  (1445 min)
  EURAUD   2024-12-31T21:59:00.000Z -> 2025-01-01T22:04:00.000Z  (1445 min)
  EURAUD   2025-12-24T21:59:00.000Z -> 2025-12-25T22:04:00.000Z  (1445 min)
  EURAUD   2025-12-31T21:59:00.000Z -> 2026-01-01T22:04:00.000Z  (1445 min)
  EURCHF   2024-12-24T21:59:00.000Z -> 2024-12-25T22:04:00.000Z  (1445 min)
  EURCHF   2024-12-31T21:59:00.000Z -> 2025-01-01T22:04:00.000Z  (1445 min)
  EURCHF   2025-12-24T21:59:00.000Z -> 2025-12-25T22:04:00.000Z  (1445 min)
  EURCHF   2025-12-31T21:59:00.000Z -> 2026-01-01T22:04:00.000Z  (1445 min)
  AUDJPY   2024-12-31T21:59:00.000Z -> 2025-01-01T22:04:00.000Z  (1445 min)
  AUDJPY   2025-12-24T21:59:00.000Z -> 2025-12-25T22:04:00.000Z  (1445 min)
  AUDJPY   2025-12-31T21:59:00.000Z -> 2026-01-01T22:04:00.000Z  (1445 min)
  CADJPY   2024-12-31T21:59:00.000Z -> 2025-01-01T22:04:00.000Z  (1445 min)
  CADJPY   2025-12-31T21:59:00.000Z -> 2026-01-01T22:04:00.000Z  (1445 min)
  CHFJPY   2024-12-31T21:59:00.000Z -> 2025-01-01T22:04:00.000Z  (1445 min)
  CHFJPY   2025-12-24T21:59:00.000Z -> 2025-12-25T22:04:00.000Z  (1445 min)
  CHFJPY   2025-12-31T21:59:00.000Z -> 2026-01-01T22:04:00.000Z  (1445 min)
  CADJPY   2018-12-24T21:58:00.000Z -> 2018-12-25T22:00:00.000Z  (1442 min)
  EURUSD   2018-12-24T21:59:00.000Z -> 2018-12-25T22:00:00.000Z  (1441 min)
  EURUSD   2018-12-31T21:59:00.000Z -> 2019-01-01T22:00:00.000Z  (1441 min)
  EURUSD   2019-12-24T21:59:00.000Z -> 2019-12-25T22:00:00.000Z  (1441 min)
  EURUSD   2019-12-31T21:59:00.000Z -> 2020-01-01T22:00:00.000Z  (1441 min)
  GBPUSD   2018-12-24T21:59:00.000Z -> 2018-12-25T22:00:00.000Z  (1441 min)
  GBPUSD   2018-12-31T21:59:00.000Z -> 2019-01-01T22:00:00.000Z  (1441 min)
  GBPUSD   2019-12-24T21:59:00.000Z -> 2019-12-25T22:00:00.000Z  (1441 min)
  GBPUSD   2019-12-31T21:59:00.000Z -> 2020-01-01T22:00:00.000Z  (1441 min)
  USDJPY   2018-12-31T21:59:00.000Z -> 2019-01-01T22:00:00.000Z  (1441 min)
  USDJPY   2019-12-24T21:59:00.000Z -> 2019-12-25T22:00:00.000Z  (1441 min)
  USDJPY   2019-12-31T21:59:00.000Z -> 2020-01-01T22:00:00.000Z  (1441 min)
  AUDUSD   2018-12-24T21:59:00.000Z -> 2018-12-25T22:00:00.000Z  (1441 min)
  AUDUSD   2018-12-31T21:59:00.000Z -> 2019-01-01T22:00:00.000Z  (1441 min)
  AUDUSD   2019-12-24T21:59:00.000Z -> 2019-12-25T22:00:00.000Z  (1441 min)
  AUDUSD   2019-12-31T21:59:00.000Z -> 2020-01-01T22:00:00.000Z  (1441 min)
  USDCHF   2018-12-24T21:59:00.000Z -> 2018-12-25T22:00:00.000Z  (1441 min)
  ... and 5175 more
