AUDCAD: 14403 touches (real + placebo), 20 s
AUDCHF: 14387 touches (real + placebo), 26 s
AUDJPY: 14304 touches (real + placebo), 29 s
AUDNZD: 14619 touches (real + placebo), 25 s
AUDUSD: 14268 touches (real + placebo), 21 s
CADCHF: 14197 touches (real + placebo), 25 s
CADJPY: 14202 touches (real + placebo), 35 s
CHFJPY: 14309 touches (real + placebo), 34 s
EURAUD: 14358 touches (real + placebo), 34 s
EURCAD: 14240 touches (real + placebo), 33 s
EURCHF: 14256 touches (real + placebo), 34 s
EURGBP: 14107 touches (real + placebo), 35 s
EURJPY: 14302 touches (real + placebo), 36 s
EURNZD: 14598 touches (real + placebo), 36 s
EURUSD: 14103 touches (real + placebo), 34 s
GBPAUD: 14357 touches (real + placebo), 35 s
GBPCAD: 14120 touches (real + placebo), 35 s
GBPCHF: 14236 touches (real + placebo), 35 s
GBPJPY: 14150 touches (real + placebo), 36 s
GBPNZD: 14394 touches (real + placebo), 36 s
GBPUSD: 14277 touches (real + placebo), 17 s
NZDCAD: 14471 touches (real + placebo), 20 s
NZDJPY: 14447 touches (real + placebo), 20 s
NZDUSD: 14471 touches (real + placebo), 21 s
USDCAD: 14203 touches (real + placebo), 23 s
USDCHF: 14251 touches (real + placebo), 23 s
USDJPY: 14307 touches (real + placebo), 27 s
GOLD: 13975 touches (real + placebo), 29 s
NQ: 14006 touches (real + placebo), 34 s
SPX500: 13686 touches (real + placebo), 22 s
US30: 13955 touches (real + placebo), 24 s
US2000: 14038 touches (real + placebo), 24 s
DE30: 13625 touches (real + placebo), 19 s
UK100: 13487 touches (real + placebo), 20 s
