156734 touches, 2656 sessions, 34 instruments, ['2016-05-23', '2026-08-20']
  p50: n=91666 cont 0.582 vs null 0.565 (z +5.7)  next 0.50 back 0.40 held 0.31 unresolved 0.21
  p75: n=46252 cont 0.467 vs null 0.457 (z +2.1)  next 0.41 back 0.45 held 0.35 unresolved 0.25
  p90: n=18816 cont 0.512 vs null 0.500 (z +1.7)  next 0.38 back 0.38 held 0.37 unresolved 0.33

190 cells examined; 6 pass the dynamic rule:
  p75 London hour × range used               00-07 Asia · >1.2            cont 0.645 null 0.457 H1 0.706 H2 0.591  n=481  -> continuation
  p50 regime (σ vs its norm) × range used    quiet · >1.2                 cont 0.682 null 0.564 H1 0.670 H2 0.689  n=699  -> continuation
  p75 regime (σ vs its norm) × range used    quiet · >1.2                 cont 0.567 null 0.455 H1 0.560 H2 0.571  n=1751  -> continuation
  p50 regime (σ vs its norm) × range used    normal · >1.2                cont 0.657 null 0.566 H1 0.685 H2 0.638  n=1367  -> continuation
  p50 range used                             >1.2                         cont 0.640 null 0.565 H1 0.633 H2 0.645  n=2880  -> continuation
  p75 range used                             >1.2                         cont 0.517 null 0.457 H1 0.521 H2 0.514  n=6693  -> continuation

One-way, every cell (cont − null, pp):
  p50 London hour              00-07 Asia        +1.1  (z +1.7, n 23267)  next 0.62 back 0.52 held 0.23
  p50 London hour              07-12 London      +1.5  (z +3.4, n 32622)  next 0.55 back 0.44 held 0.27
  p50 London hour              12-16 overlap     +1.9  (z +3.3, n 25210)  next 0.45 back 0.34 held 0.34
  p50 London hour              16-20 NY          +6.7  (z +5.5, n 7981)  next 0.26 back 0.16 held 0.52
  p50 London hour              20-24 late       +11.0  (z +3.7, n 2586)  next 0.12 back 0.06 held 0.74
  p50 regime (σ vs its norm)   busy              +1.5  (z +2.1, n 18419)  next 0.51 back 0.42 held 0.31
  p50 regime (σ vs its norm)   normal            +1.8  (z +4.5, n 46806)  next 0.50 back 0.39 held 0.32
  p50 regime (σ vs its norm)   quiet             +1.9  (z +3.7, n 22667)  next 0.51 back 0.40 held 0.31
  p50 event day                high              +1.5  (z +2.7, n 28573)  next 0.52 back 0.41 held 0.30
  p50 event day                none              +2.1  (z +5.1, n 51414)  next 0.49 back 0.38 held 0.32
  p50 event day                tier1             +0.3  (z +0.3, n 10524)  next 0.55 back 0.45 held 0.28
  p50 range used               0.8-1.2           +4.0  (z +6.3, n 16763)  next 0.44 back 0.33 held 0.36
  p50 range used               <0.8              +1.1  (z +3.2, n 72023)  next 0.52 back 0.42 held 0.30
  p50 range used               >1.2              +7.5  (z +5.2, n 2880)  next 0.52 back 0.35 held 0.31  DYNAMIC
  p50 other side touched       no                +1.8  (z +5.3, n 80469)  next 0.52 back 0.41 held 0.30
  p50 other side touched       yes               +1.7  (z +2.0, n 11197)  next 0.41 back 0.33 held 0.40
  p50 class                    cross             +1.7  (z +4.7, n 54334)  next 0.50 back 0.40 held 0.32
  p50 class                    gold              +3.1  (z +2.8, n 2659)  next 0.50 back 0.40 held 0.31
  p50 class                    index             +1.8  (z +2.8, n 15717)  next 0.50 back 0.41 held 0.30
  p50 class                    major             +1.8  (z +3.5, n 18956)  next 0.50 back 0.39 held 0.31
  p75 London hour              00-07 Asia        +2.7  (z +2.1, n 5212)  next 0.62 back 0.64 held 0.20
  p75 London hour              07-12 London      +2.5  (z +3.5, n 12520)  next 0.52 back 0.56 held 0.25
  p75 London hour              12-16 overlap     -0.5  (z -0.7, n 18149)  next 0.39 back 0.46 held 0.34
  p75 London hour              16-20 NY          -1.7  (z -1.4, n 7754)  next 0.21 back 0.26 held 0.51
  p75 London hour              20-24 late        +5.3  (z +1.9, n 2617)  next 0.13 back 0.12 held 0.70
  p75 regime (σ vs its norm)   busy              -0.6  (z -0.7, n 9449)  next 0.41 back 0.47 held 0.34
  p75 regime (σ vs its norm)   normal            +0.7  (z +1.2, n 23374)  next 0.40 back 0.45 held 0.36
  p75 regime (σ vs its norm)   quiet             +3.0  (z +4.1, n 11635)  next 0.42 back 0.45 held 0.33
  p75 event day                high              +1.9  (z +2.5, n 14826)  next 0.42 back 0.45 held 0.34
  p75 event day                none              +0.5  (z +0.8, n 25069)  next 0.39 back 0.45 held 0.36
  p75 event day                tier1             +0.4  (z +0.3, n 5789)  next 0.45 back 0.48 held 0.32
  p75 range used               0.8-1.2           +0.1  (z +0.2, n 35737)  next 0.40 back 0.46 held 0.35
  p75 range used               <0.8              -0.1  (z -0.1, n 3822)  next 0.42 back 0.47 held 0.35
  p75 range used               >1.2              +6.0  (z +5.9, n 6693)  next 0.43 back 0.43 held 0.32  DYNAMIC
  p75 other side touched       no                +1.0  (z +2.2, n 41238)  next 0.41 back 0.46 held 0.34
  p75 other side touched       yes               +0.0  (z +0.0, n 5014)  next 0.37 back 0.43 held 0.38
  p75 class                    cross             +0.7  (z +1.3, n 27444)  next 0.41 back 0.46 held 0.35
  p75 class                    gold              +1.0  (z +0.6, n 1334)  next 0.40 back 0.43 held 0.32
  p75 class                    index             +1.8  (z +2.0, n 7912)  next 0.41 back 0.44 held 0.34
  p75 class                    major             +1.0  (z +1.3, n 9562)  next 0.40 back 0.44 held 0.35
  p90 London hour              00-07 Asia        +5.2  (z +2.3, n 1307)  next 0.69 back 0.66 held 0.15
  p90 London hour              07-12 London      +0.0  (z +0.0, n 3459)  next 0.54 back 0.55 held 0.23
  p90 London hour              12-16 overlap     +0.7  (z +0.7, n 7651)  next 0.41 back 0.41 held 0.33
  p90 London hour              16-20 NY          +0.7  (z +0.4, n 4565)  next 0.23 back 0.22 held 0.50
  p90 London hour              20-24 late        +6.1  (z +1.9, n 1834)  next 0.14 back 0.12 held 0.68
  p90 regime (σ vs its norm)   busy              +0.7  (z +0.5, n 3852)  next 0.39 back 0.40 held 0.37
  p90 regime (σ vs its norm)   normal            +0.4  (z +0.5, n 9348)  next 0.37 back 0.37 held 0.38
  p90 regime (σ vs its norm)   quiet             +2.8  (z +2.4, n 4939)  next 0.39 back 0.37 held 0.36
  p90 event day                high              +0.1  (z +0.1, n 6268)  next 0.39 back 0.39 held 0.37
  p90 event day                none              +1.5  (z +1.7, n 9732)  next 0.37 back 0.37 held 0.38
  p90 event day                tier1             +2.7  (z +1.3, n 2590)  next 0.41 back 0.36 held 0.34
  p90 range used               0.8-1.2           +0.0  (z +0.0, n 2547)  next 0.37 back 0.37 held 0.41
  p90 range used               >1.2              +1.3  (z +1.9, n 16269)  next 0.39 back 0.38 held 0.37
  p90 other side touched       no                +0.9  (z +1.2, n 16875)  next 0.38 back 0.38 held 0.38
  p90 other side touched       yes               +3.8  (z +2.1, n 1941)  next 0.43 back 0.39 held 0.35
  p90 class                    cross             -0.1  (z -0.2, n 11186)  next 0.38 back 0.39 held 0.38
  p90 class                    gold              +6.4  (z +2.4, n 534)  next 0.38 back 0.32 held 0.36
  p90 class                    index             +3.3  (z +2.3, n 3213)  next 0.39 back 0.36 held 0.36
  p90 class                    major             +2.6  (z +2.2, n 3883)  next 0.39 back 0.36 held 0.36
