test 2025-09-05 -> 2026-08-20: 91523 checkpoints, 248 sessions, 34 instruments
R2 k per class: {'cross': 0.7, 'gold': 1.0, 'index': 0.9, 'major': 0.8}  R4 k per class: {'cross': 0.9, 'gold': 1.0, 'index': 0.9, 'major': 0.9}

R0 clock: 90-cell miss 6.74pp, worst p75/p90 cell 17.9pp, pinball vs R0 1.0000 -> FAIL
   01-05: up p50/75/90 0.56/0.30/0.12   down 0.54/0.28/0.12
   07-11: up p50/75/90 0.57/0.31/0.13   down 0.55/0.29/0.12
   13-15: up p50/75/90 0.54/0.28/0.11   down 0.53/0.26/0.10
   17-19: up p50/75/90 0.37/0.14/0.04   down 0.37/0.13/0.04
   21: up p50/75/90 0.30/0.08/0.02   down 0.33/0.08/0.02
   quiet : up p75 0.252 p90 0.097   down p75 0.242 p90 0.095
   normal: up p75 0.244 p90 0.096   down p75 0.234 p90 0.090
   busy  : up p75 0.253 p90 0.102   down p75 0.237 p90 0.094

R1 vol-time: 90-cell miss 5.72pp, worst p75/p90 cell 16.5pp, pinball vs R0 0.9962 -> FAIL
   01-05: up p50/75/90 0.57/0.30/0.12   down 0.54/0.29/0.12
   07-11: up p50/75/90 0.55/0.29/0.12   down 0.53/0.27/0.11
   13-15: up p50/75/90 0.53/0.26/0.10   down 0.52/0.25/0.10
   17-19: up p50/75/90 0.41/0.16/0.06   down 0.40/0.16/0.05
   21: up p50/75/90 0.30/0.09/0.02   down 0.34/0.09/0.02
   quiet : up p75 0.251 p90 0.098   down p75 0.241 p90 0.095
   normal: up p75 0.244 p90 0.096   down p75 0.234 p90 0.090
   busy  : up p75 0.253 p90 0.102   down p75 0.237 p90 0.096

R2 vol-time + today so far: 90-cell miss 5.81pp, worst p75/p90 cell 18.0pp, pinball vs R0 0.9885 -> FAIL
   01-05: up p50/75/90 0.56/0.30/0.12   down 0.54/0.29/0.12
   07-11: up p50/75/90 0.55/0.29/0.12   down 0.53/0.27/0.11
   13-15: up p50/75/90 0.53/0.26/0.10   down 0.52/0.25/0.09
   17-19: up p50/75/90 0.41/0.16/0.05   down 0.40/0.15/0.05
   21: up p50/75/90 0.30/0.08/0.02   down 0.34/0.09/0.02
   quiet : up p75 0.249 p90 0.095   down p75 0.241 p90 0.094
   normal: up p75 0.245 p90 0.097   down p75 0.235 p90 0.090
   busy  : up p75 0.245 p90 0.094   down p75 0.230 p90 0.092

R3 per-hour multipliers: 90-cell miss 1.62pp, worst p75/p90 cell 5.1pp, pinball vs R0 0.9797 -> FAIL
   01-05: up p50/75/90 0.51/0.25/0.10   down 0.48/0.24/0.10
   07-11: up p50/75/90 0.51/0.25/0.10   down 0.48/0.23/0.09
   13-15: up p50/75/90 0.51/0.25/0.10   down 0.49/0.24/0.09
   17-19: up p50/75/90 0.49/0.25/0.10   down 0.50/0.24/0.10
   21: up p50/75/90 0.51/0.26/0.10   down 0.57/0.29/0.11
   quiet : up p75 0.251 p90 0.098   down p75 0.247 p90 0.098
   normal: up p75 0.246 p90 0.097   down p75 0.237 p90 0.091
   busy  : up p75 0.248 p90 0.100   down p75 0.237 p90 0.097

R4 per-hour + today so far: 90-cell miss 1.78pp, worst p75/p90 cell 6.7pp, pinball vs R0 0.9725 -> FAIL
   01-05: up p50/75/90 0.50/0.25/0.09   down 0.48/0.24/0.10
   07-11: up p50/75/90 0.50/0.25/0.10   down 0.47/0.23/0.09
   13-15: up p50/75/90 0.51/0.25/0.10   down 0.49/0.24/0.09
   17-19: up p50/75/90 0.50/0.25/0.10   down 0.50/0.24/0.10
   21: up p50/75/90 0.52/0.26/0.10   down 0.56/0.30/0.12
   quiet : up p75 0.247 p90 0.095   down p75 0.245 p90 0.098
   normal: up p75 0.249 p90 0.099   down p75 0.242 p90 0.094
   busy  : up p75 0.242 p90 0.095   down p75 0.234 p90 0.093

R5 per-hour × vol-so-far tercile: 90-cell miss 1.73pp, worst p75/p90 cell 6.0pp, pinball vs R0 0.9749 -> FAIL
   01-05: up p50/75/90 0.50/0.25/0.09   down 0.48/0.24/0.09
   07-11: up p50/75/90 0.50/0.25/0.10   down 0.47/0.23/0.09
   13-15: up p50/75/90 0.51/0.25/0.10   down 0.49/0.24/0.09
   17-19: up p50/75/90 0.50/0.25/0.10   down 0.50/0.24/0.09
   21: up p50/75/90 0.52/0.26/0.10   down 0.56/0.30/0.11
   quiet : up p75 0.248 p90 0.095   down p75 0.244 p90 0.097
   normal: up p75 0.249 p90 0.099   down p75 0.241 p90 0.092
   busy  : up p75 0.241 p90 0.096   down p75 0.232 p90 0.091

VERDICT: passing none; preferred None

Median remaining travel (σ) by checkpoint band × range used so far (H-L so far in σ):
           up                          down                      
usedb 0.6-1.0 1.0-1.4   <0.6   >1.4 0.6-1.0 1.0-1.4   <0.6   >1.4
band                                                             
01-05   0.618   0.664  0.544  0.670   0.518   0.550  0.514  0.621
07-11   0.475   0.508  0.456  0.570   0.453   0.453  0.447  0.493
13-15   0.345   0.367  0.337  0.402   0.338   0.354  0.340  0.386
17-19   0.173   0.189  0.139  0.217   0.163   0.178  0.143  0.207
21      0.104   0.115  0.089  0.135   0.126   0.122  0.111  0.138

R5-implied reach rates vs layer 5's flat rates on layer 6's labels (test, h 01-19):
   p50: Brier skill +0.62%  (layer 6 boosting on the same labels: p50 +1.45%, p75 +2.06%)
   p75: Brier skill +0.87%  (layer 6 boosting on the same labels: p50 +1.45%, p75 +2.06%)
