AUDCAD: 29192 checkpoints, 45 s
AUDCHF: 29187 checkpoints, 40 s
AUDJPY: 29192 checkpoints, 32 s
AUDNZD: 29190 checkpoints, 31 s
AUDUSD: 29168 checkpoints, 36 s
CADCHF: 29188 checkpoints, 31 s
CADJPY: 29192 checkpoints, 35 s
CHFJPY: 29190 checkpoints, 35 s
EURAUD: 29191 checkpoints, 31 s
EURCAD: 29192 checkpoints, 30 s
EURCHF: 29192 checkpoints, 33 s
EURGBP: 29191 checkpoints, 35 s
EURJPY: 29192 checkpoints, 44 s
EURNZD: 29192 checkpoints, 41 s
EURUSD: 29192 checkpoints, 51 s
GBPAUD: 29189 checkpoints, 33 s
GBPCAD: 29192 checkpoints, 27 s
GBPCHF: 29192 checkpoints, 24 s
GBPJPY: 29192 checkpoints, 19 s
GBPNZD: 29188 checkpoints, 21 s
GBPUSD: 29192 checkpoints, 24 s
NZDCAD: 29192 checkpoints, 21 s
NZDJPY: 29192 checkpoints, 20 s
NZDUSD: 29179 checkpoints, 20 s
USDCAD: 29193 checkpoints, 27 s
USDCHF: 29157 checkpoints, 20 s
USDJPY: 29194 checkpoints, 19 s
GOLD: 29014 checkpoints, 20 s
NQ: 29007 checkpoints, 16 s
SPX500: 28187 checkpoints, 14 s
US30: 29002 checkpoints, 15 s
US2000: 28555 checkpoints, 19 s
DE30: 22256 checkpoints, 16 s
UK100: 23114 checkpoints, 17 s
