EURUSD: loading M1...
  1302 trades
GBPUSD: loading M1...
  1472 trades
USDJPY: loading M1...
  1559 trades
AUDUSD: loading M1...
  1333 trades
USDCHF: loading M1...
  1604 trades
EURAUD: loading M1...
  1546 trades
EURCHF: loading M1...
  1559 trades
AUDJPY: loading M1...
  1568 trades
CADJPY: loading M1...
  1591 trades
CHFJPY: loading M1...
  1540 trades
GOLD: loading M1...
  1336 trades
NQ: loading M1...
  1049 trades
SPX: loading M1...
  536 trades
DOW: loading M1...
  464 trades
US2000: loading M1...
  1260 trades
DE30: loading M1...
  1364 trades
UK100: loading M1...
  1477 trades

Total trades: 22560

FADE Kelly f* = 8.56%   FOLLOW Kelly f* = 5.63%

=== RESULTS (mean risk_pct held at 1% across all schemes) ===
BASELINE        sharpe=3.09  cagr=702.14%  maxDD=-38.11%  calmar=18.42  |  cagrNC=238.49%  maxDDNC=-40.84%  calmarNC=5.84  (avgRisk check: 1%)
EDGE_WEIGHTED   sharpe=3.19  cagr=730.77%  maxDD=-38.17%  calmar=19.15  |  cagrNC=240.76%  maxDDNC=-41.68%  calmarNC=5.78  (avgRisk check: 1%)
MARGIN_SCALED   sharpe=3.5  cagr=1080.74%  maxDD=-35.49%  calmar=30.45  |  cagrNC=279.41%  maxDDNC=-37.37%  calmarNC=7.48  (avgRisk check: 1%)
COMBINED        sharpe=3.65  cagr=1141.1%  maxDD=-36.63%  calmar=31.15  |  cagrNC=282.74%  maxDDNC=-38.94%  calmarNC=7.26  (avgRisk check: 1%)
