AUDCAD: 106280 stop records, 36 s
AUDCHF: 106280 stop records, 32 s
AUDJPY: 106280 stop records, 27 s
AUDNZD: 106280 stop records, 24 s
AUDUSD: 106200 stop records, 20 s
CADCHF: 106280 stop records, 21 s
CADJPY: 106280 stop records, 23 s
CHFJPY: 106280 stop records, 24 s
EURAUD: 106280 stop records, 24 s
EURCAD: 106280 stop records, 26 s
EURCHF: 106280 stop records, 26 s
EURGBP: 106280 stop records, 36 s
EURJPY: 106280 stop records, 32 s
EURNZD: 106280 stop records, 28 s
EURUSD: 106280 stop records, 24 s
GBPAUD: 106280 stop records, 19 s
GBPCAD: 106280 stop records, 20 s
GBPCHF: 106280 stop records, 20 s
GBPJPY: 106280 stop records, 20 s
GBPNZD: 106280 stop records, 20 s
GBPUSD: 106280 stop records, 20 s
NZDCAD: 106280 stop records, 21 s
NZDJPY: 106280 stop records, 20 s
NZDUSD: 106240 stop records, 20 s
USDCAD: 106280 stop records, 22 s
USDCHF: 106160 stop records, 19 s
USDJPY: 106280 stop records, 20 s
GOLD: 105760 stop records, 20 s
NQ: 105800 stop records, 20 s
SPX500: 102760 stop records, 19 s
US30: 105760 stop records, 20 s
US2000: 105720 stop records, 20 s
DE30: 104040 stop records, 19 s
UK100: 102760 stop records, 18 s
