EURUSD: loading M1...
  1566 trades
GBPUSD: loading M1...
  1801 trades
USDJPY: loading M1...
  1544 trades
AUDUSD: loading M1...
  1766 trades
USDCHF: loading M1...
  1957 trades
EURAUD: loading M1...
  1965 trades
EURCHF: loading M1...
  2064 trades
AUDJPY: loading M1...
  1797 trades
CADJPY: loading M1...
  1881 trades
CHFJPY: loading M1...
  1704 trades
GOLD: loading M1...
  1787 trades
NQ: loading M1...
  1490 trades
SPX: loading M1...
  552 trades
DOW: loading M1...
  412 trades
US2000: loading M1...
  1381 trades
DE30: loading M1...
  1677 trades
UK100: loading M1...
  1522 trades
Cached to analysis/output/throttle_daily_returns_cache.json for future runs.

1134 trading days (2022-03-15 -> 2026-08-20). IS/OOS split at 2025-04-29 (day 793).

====================================================================================================
HEADLINE: cliff-down / staged-up hybrid vs current cliff vs #2 graded-both-ways
====================================================================================================
Current (cliff/cliff)       FULL: Sh3.30 CAGR190% DD-12.2%  IS: Sh3.34 CAGR206% DD-12.2%  OOS: Sh3.22 CAGR156% DD-10.7%
#2 Graded (both ways)       FULL: Sh3.65 CAGR251% DD-12.3%  IS: Sh3.65 CAGR258% DD-12.3%  OOS: Sh3.65 CAGR235% DD-10.7%
Hybrid (cliff down/staged up)FULL: Sh3.40 CAGR215% DD-13.9%  IS: Sh3.66 CAGR264% DD-12.2%  OOS: Sh2.73 CAGR126% DD-13.9%

====================================================================================================
WORST EPISODE TRACE (same Oct 2023 episode as before)
====================================================================================================
Episode: 2023-10-03 -> 2023-10-30 (unthrottled reached -21.4%)
  No throttle            actual DD reached: -21.4%
  Current (cliff/cliff)  actual DD reached: -12.2%
  #2 Graded              actual DD reached: -11.4%
  Hybrid                 actual DD reached: -12.2%

====================================================================================================
DAY-BY-DAY WALK THROUGH THE WORST EPISODE (hybrid track: DD, throttled?, mult)
====================================================================================================
  2023-10-03  DD -2.0%  throttled=false  mult=1
  2023-10-04  DD 0.0%  throttled=false  mult=1
  2023-10-05  DD -1.8%  throttled=false  mult=1
  2023-10-06  DD -1.5%  throttled=false  mult=1
  2023-10-09  DD -3.4%  throttled=false  mult=1
  2023-10-10  DD -6.8%  throttled=false  mult=1
  2023-10-11  DD -3.2%  throttled=false  mult=1
  2023-10-12  DD -0.9%  throttled=false  mult=1
  2023-10-13  DD -3.7%  throttled=false  mult=1
  2023-10-16  DD -5.2%  throttled=false  mult=1
  2023-10-17  DD -6.2%  throttled=false  mult=1
  2023-10-18  DD -8.9%  throttled=true  mult=0.25
  2023-10-19  DD -9.6%  throttled=true  mult=0.25
  2023-10-20  DD -9.0%  throttled=true  mult=0.25
  2023-10-23  DD -9.2%  throttled=true  mult=0.25
  2023-10-24  DD -10.0%  throttled=true  mult=0.25
  2023-10-25  DD -10.5%  throttled=true  mult=0.25
  2023-10-26  DD -11.1%  throttled=true  mult=0.25
  2023-10-27  DD -12.0%  throttled=true  mult=0.25
  2023-10-30  DD -11.2%  throttled=true  mult=0.25
  2023-10-31  DD -12.2%  throttled=true  mult=0.25
  2023-11-01  DD -11.2%  throttled=true  mult=0.25
  2023-11-02  DD -10.9%  throttled=true  mult=0.25
  2023-11-03  DD -10.5%  throttled=true  mult=0.25
  2023-11-06  DD -10.2%  throttled=true  mult=0.25
  2023-11-07  DD -10.4%  throttled=true  mult=0.25
  2023-11-08  DD -9.5%  throttled=true  mult=0.25
  2023-11-09  DD -9.2%  throttled=true  mult=0.25
  2023-11-10  DD -9.7%  throttled=true  mult=0.25
  2023-11-13  DD -8.8%  throttled=true  mult=0.25
  2023-11-14  DD -8.7%  throttled=true  mult=0.25
  2023-11-15  DD -8.2%  throttled=true  mult=0.25
  2023-11-16  DD -8.8%  throttled=true  mult=0.25
  2023-11-17  DD -8.8%  throttled=true  mult=0.25
  2023-11-20  DD -8.8%  throttled=true  mult=0.25
