EURUSD: loading M1...
  10359 touches, split 2022-05-05
GBPUSD: loading M1...
  10429 touches, split 2022-06-22
USDJPY: loading M1...
  10197 touches, split 2022-03-10
AUDUSD: loading M1...
  11010 touches, split 2022-06-17
USDCHF: loading M1...
  11173 touches, split 2022-05-04
EURAUD: loading M1...
  11101 touches, split 2022-06-09
EURCHF: loading M1...
  11490 touches, split 2022-05-19
AUDJPY: loading M1...
  10676 touches, split 2022-06-23
CADJPY: loading M1...
  10491 touches, split 2022-06-09
CHFJPY: loading M1...
  10858 touches, split 2022-02-02
GOLD: loading M1...
  10556 touches, split 2022-08-11
NQ: loading M1...
  9656 touches, split 2022-07-13
SPX: loading M1...
  4665 touches, split 2024-07-12
DOW: loading M1...
  4645 touches, split 2024-07-10
US2000: loading M1...
  9922 touches, split 2022-06-13
DE30: loading M1...
  9819 touches, split 2022-10-13
UK100: loading M1...
  9829 touches, split 2022-05-18

2170 held findings (n>=30 both halves, |delta|>=5pp both halves, same sign)

pair     cell       dim            bucket     baseIS%  bktIS%   dIS    baseOOS%  bktOOS%  dOOS   nIS/nOOS
de30     up|p50     sessionPos     3·late     27.9     76.5     48.6   22.2      81.7     59.5   119/120
audjpy   up|p50     sessionPos     3·late     26.3     66.3     40     27.1      82.3     55.2   326/175
chfjpy   up|p50     sessionPos     3·late     26       71.3     45.3   29.6      84.2     54.6   334/184
uk100    up|p50     sessionPos     3·late     28.4     80       51.6   28        82.3     54.3   180/141
cadjpy   up|p50     sessionPos     3·late     27.5     71.4     43.9   29.1      81.7     52.6   395/180
de30     down|p50   sessionPos     3·late     28       73.5     45.5   23.8      75.9     52.1   132/116
usdjpy   up|p50     sessionPos     3·late     25.5     66.2     40.7   30.7      82       51.3   328/161
euraud   down|p50   sessionPos     3·late     26.2     78.2     52     26.3      77.5     51.2   317/169
eurchf   up|p50     sessionPos     3·late     25       69.4     44.4   29.3      79.2     49.9   376/216
uk100    down|p75   sessionPos     3·late     27.6     77.9     50.3   26        74.7     48.7   131/87
uk100    down|p50   sessionPos     3·late     25.9     73.6     47.7   26        74.6     48.6   201/138
de30     down|p75   sessionPos     3·late     26.2     70.9     44.7   33.5      81.7     48.2   86/109
chfjpy   down|p50   sessionPos     3·late     25.8     72       46.2   29        77.1     48.1   372/192
euraud   up|p75     sessionPos     3·late     28.4     66.8     38.4   29.8      77.8     48     271/171
chfjpy   down|p50   londonVol      1·quiet    25.8     50.7     24.9   29        76.1     47.1   134/71
uk100    up|p75     sessionPos     3·late     31.2     82.7     51.5   27.4      74.4     47     173/125
audjpy   up|p50     dowSession     1|NY       26.3     51.8     25.5   27.1      73.7     46.6   112/76
gold     down|p50   sessionPos     3·late     25       67.1     42.1   22.2      68.6     46.4   392/194
cadjpy   down|p50   sessionPos     3·late     25.8     64.3     38.5   22.7      68.8     46.1   387/202
chfjpy   up|p75     sessionPos     3·late     33.3     68.6     35.3   35.2      81.1     45.9   312/185
chfjpy   down|p75   sessionPos     3·late     27.8     70.9     43.1   29.4      75.3     45.9   261/162
euraud   up|p50     sessionPos     3·late     27       73.8     46.8   23        68.8     45.8   290/205
euraud   down|p75   sessionPos     3·late     31.6     75.8     44.2   25.5      71.2     45.7   289/139
eurchf   down|p50   sessionPos     3·late     32.5     80.2     47.7   28.6      73.7     45.1   404/247
usdjpy   up|p75     sessionPos     3·late     36.3     69.2     32.9   30.6      75.6     45     260/119
gbpusd   down|p75   sessionPos     3·late     31       69.2     38.2   27.9      72.5     44.6   266/171
eurchf   down|p75   sessionPos     3·late     32.4     69.4     37     31.6      75.9     44.3   333/216
audjpy   up|p75     sessionPos     3·late     28.2     70.1     41.9   31.5      74.7     43.2   274/154
cadjpy   up|p75     sessionPos     3·late     26.7     62.4     35.7   35.8      79       43.2   303/176
audjpy   down|p50   sessionPos     3·late     25.8     70.3     44.5   22.4      65.5     43.1   313/203
de30     up|p75     sessionPos     3·late     31.5     77.3     45.8   32.6      75.5     42.9   97/139
cadjpy   up|p50     dowSession     1|NY       27.5     61.3     33.8   29.1      71.6     42.5   163/81
usdchf   up|p50     sessionPos     3·late     27.4     69.2     41.8   30.8      73       42.2   399/241
audjpy   up|p50     londonVol      1·quiet    26.3     59.8     33.5   27.1      69.2     42.1   107/91
gbpusd   up|p50     sessionPos     3·late     27.1     67.9     40.8   23.9      65.8     41.9   340/196
usdjpy   down|p50   sessionPos     3·late     27.8     70.1     42.3   23.8      65.4     41.6   365/185
usdjpy   up|p50     dowSession     1|NY       25.5     56.8     31.3   30.7      71.4     40.7   118/56
eurchf   down|p75   londonVol      1·quiet    32.4     54       21.6   31.6      72.2     40.6   63/36
gbpusd   down|p50   sessionPos     3·late     28.4     72.9     44.5   30.1      70.6     40.5   310/204
audusd   down|p50   sessionPos     3·late     23.8     68       44.2   27.4      67.9     40.5   294/212
euraud   up|p75     dowSession     1|NY       28.4     40       11.6   29.8      70       40.2   75/50
eurusd   down|p50   sessionPos     3·late     26.5     67.9     41.4   24.4      64.4     40     315/216
usdchf   down|p50   sessionPos     3·late     25.8     66.6     40.8   26.4      65.5     39.1   395/223
usdjpy   up|p75     dowSession     1|NY       36.3     60.9     24.6   30.6      69.4     38.8   64/36
uk100    up|p50     londonVol      1·quiet    28.4     58.5     30.1   28        66.7     38.7   118/75
audusd   up|p50     sessionPos     3·late     29       71.6     42.6   27        65.6     38.6   328/221
eurusd   up|p50     sessionPos     3·late     25.5     65.6     40.1   27.3      65.8     38.5   343/231
usdjpy   up|p50     dowSession     4|NY       25.5     50.7     25.2   30.7      69.2     38.5   146/91
gold     down|p75   sessionPos     3·late     31.9     69.6     37.7   26.4      64.4     38     303/135
chfjpy   down|p50   dowSession     2|NY       25.8     69.5     43.7   29        66.7     37.7   105/63
eurusd   up|p50     dowSession     1|NY       25.5     42.9     17.4   27.3      64.9     37.6   126/94
gold     up|p50     sessionPos     3·late     32.5     67.3     34.8   24.2      61.8     37.6   404/212
audjpy   down|p75   sessionPos     3·late     30.2     66.7     36.5   30.5      68       37.5   252/194
audusd   down|p75   dowSession     2|NY       28.7     58.4     29.7   31.8      69.2     37.4   113/65
de30     down|p75   dowSession     3|NY       26.2     47.7     21.5   33.5      70.8     37.3   65/65
usdjpy   up|p75     dowSession     5|NY       36.3     43.9     7.6    30.6      67.8     37.2   82/59
euraud   down|p50   dowSession     1|NY       26.2     67.4     41.2   26.3      63.2     36.9   89/76
eurchf   up|p75     sessionPos     3·late     27.5     63.2     35.7   30.6      67.3     36.7   342/202
uk100    down|p75   dowSession     3|NY       27.6     53.2     25.6   26        62.5     36.5   62/48
de30     up|p50     dowSession     2|NY       27.9     53.4     25.5   22.2      58.6     36.4   116/70

--- by dimension (held-finding count, distinct pairs, avg |deltaOOS|) ---
  dowSession: 628 findings across 17 pairs, avg |deltaOOS|=18.8pp
  session: 173 findings across 17 pairs, avg |deltaOOS|=17.6pp
  sessionPos: 171 findings across 17 pairs, avg |deltaOOS|=26.5pp
  ordinal: 151 findings across 17 pairs, avg |deltaOOS|=9.9pp
  londonVol: 147 findings across 17 pairs, avg |deltaOOS|=20.8pp
  prevOutcomeSameDay: 135 findings across 17 pairs, avg |deltaOOS|=16.9pp
  approachVel: 134 findings across 17 pairs, avg |deltaOOS|=14.0pp
  prevOutcomeCrossDay: 97 findings across 17 pairs, avg |deltaOOS|=8.8pp
  asiaVol: 83 findings across 17 pairs, avg |deltaOOS|=11.7pp
  prevSessionVol: 73 findings across 16 pairs, avg |deltaOOS|=10.0pp
  overlapWindow: 52 findings across 15 pairs, avg |deltaOOS|=10.6pp
  prevCloseLoc: 50 findings across 17 pairs, avg |deltaOOS|=9.9pp
  volClimax: 45 findings across 17 pairs, avg |deltaOOS|=16.0pp
  dow: 31 findings across 14 pairs, avg |deltaOOS|=9.7pp
  htfTrend: 28 findings across 10 pairs, avg |deltaOOS|=9.6pp
  churn: 28 findings across 15 pairs, avg |deltaOOS|=9.3pp
  wtSlow: 25 findings across 14 pairs, avg |deltaOOS|=10.3pp
  otherSideTouchedBefore: 24 findings across 15 pairs, avg |deltaOOS|=9.6pp
  gapBucket: 22 findings across 10 pairs, avg |deltaOOS|=10.9pp
  vwapSide: 20 findings across 15 pairs, avg |deltaOOS|=11.2pp
  dayVol: 19 findings across 12 pairs, avg |deltaOOS|=11.8pp
  confluence: 11 findings across 6 pairs, avg |deltaOOS|=8.8pp
  momAdx: 10 findings across 8 pairs, avg |deltaOOS|=7.5pp
  roundNum: 7 findings across 7 pairs, avg |deltaOOS|=6.5pp
  candleReject: 4 findings across 4 pairs, avg |deltaOOS|=8.4pp
  approachER: 2 findings across 2 pairs, avg |deltaOOS|=7.0pp
