EURUSD: loading M1...
  touches: 10359 (2617 late-session) | margin>=3 trades: unfiltered=1776 filtered=1178
GBPUSD: loading M1...
  touches: 10429 (2412 late-session) | margin>=3 trades: unfiltered=2056 filtered=1449
USDJPY: loading M1...
  touches: 10197 (2265 late-session) | margin>=3 trades: unfiltered=2195 filtered=1738
AUDUSD: loading M1...
  touches: 11010 (2526 late-session) | margin>=3 trades: unfiltered=1878 filtered=1241
USDCHF: loading M1...
  touches: 11173 (2996 late-session) | margin>=3 trades: unfiltered=2295 filtered=1641
EURAUD: loading M1...
  touches: 11101 (2309 late-session) | margin>=3 trades: unfiltered=2227 filtered=1760
EURCHF: loading M1...
  touches: 11490 (2859 late-session) | margin>=3 trades: unfiltered=2356 filtered=1688
AUDJPY: loading M1...
  touches: 10676 (2310 late-session) | margin>=3 trades: unfiltered=2269 filtered=1768
CADJPY: loading M1...
  touches: 10491 (2577 late-session) | margin>=3 trades: unfiltered=2199 filtered=1622
CHFJPY: loading M1...
  touches: 10858 (2445 late-session) | margin>=3 trades: unfiltered=2167 filtered=1690
GOLD: loading M1...
  touches: 10556 (2609 late-session) | margin>=3 trades: unfiltered=1889 filtered=1357
NQ: loading M1...
  touches: 9656 (4170 late-session) | margin>=3 trades: unfiltered=1380 filtered=842
SPX: loading M1...
  touches: 4665 (2247 late-session) | margin>=3 trades: unfiltered=719 filtered=337
DOW: loading M1...
  touches: 4645 (2111 late-session) | margin>=3 trades: unfiltered=608 filtered=349
US2000: loading M1...
  touches: 9922 (4001 late-session) | margin>=3 trades: unfiltered=1607 filtered=884
DE30: loading M1...
  touches: 9819 (1103 late-session) | margin>=3 trades: unfiltered=1944 filtered=1525
UK100: loading M1...
  touches: 9829 (1437 late-session) | margin>=3 trades: unfiltered=2126 filtered=1717

TOTAL: 166876 touches, 42994 (25.8%) are late-session
Trades removed by the filter: 8905

UNFILTERED (current, corrected behavior): {"sharpe":3.09,"cagr":702.14,"maxDD":-38.11,"maxDDNonCompounded":-40.84,"profitFactor":1.68,"winRate":56.7,"tradeCount":22560,"perTradeWinRate":55}
FILTERED (sessionPos=late never entered): {"sharpe":3.14,"cagr":603.76,"maxDD":-35.63,"maxDDNonCompounded":-41.24,"profitFactor":1.69,"winRate":56.7,"tradeCount":17098,"perTradeWinRate":56.3}
