
===== LONG: 7 instruments, 2586 sessions 2016-08-22 -> 2026-08-21
  -- full (2586 sessions)
     arm               Sharpe vol-of-vol  worst mo   max DD  tail3   Sharpe vs FLAT (90% CI)
     constant risk       0.93      0.631     -61.7   -212.7  0.015   
     live estimator      0.91      0.245     -49.6   -169.2  0.012   -0.02 [-0.25, +0.19]
     HAR-800             0.90      0.256     -47.3   -171.5  0.009   -0.03 [-0.24, +0.16]
     IV-adjusted         0.96      0.253     -51.6   -155.8  0.010   +0.03 [-0.16, +0.21]
     pure IV             0.98      0.272     -52.7   -159.1  0.010   +0.04 [-0.13, +0.23]
     HAR-800 vs live estimator Sharpe -0.01 [-0.08, +0.06]
  -- test (249 sessions)
     arm               Sharpe vol-of-vol  worst mo   max DD  tail3   Sharpe vs FLAT (90% CI)
     constant risk       1.29      0.360     -25.8    -58.4  0.016   
     live estimator      1.33      0.200     -17.4    -53.7  0.008   +0.04 [-0.40, +0.47]
     HAR-800             1.35      0.216     -23.0    -51.5  0.008   +0.05 [-0.29, +0.36]
     IV-adjusted         1.32      0.223     -20.5    -47.8  0.012   +0.03 [-0.25, +0.30]
     pure IV             1.31      0.242     -22.5    -44.7  0.012   +0.02 [-0.18, +0.20]
     HAR-800 vs live estimator Sharpe +0.02 [-0.20, +0.23]
  -- per class, full window: Sharpe FLAT / A0 / A2 | vol-of-vol FLAT / A0 / A2
     fx_major   0.41 /  0.60 /  0.54   |   0.462 / 0.203 / 0.223
     indices    0.89 /  0.82 /  0.82   |   0.642 / 0.248 / 0.259

===== TREND: 28 instruments, 2553 sessions 2016-11-14 -> 2026-08-21
  -- full (2553 sessions)
     arm               Sharpe vol-of-vol  worst mo   max DD  tail3   Sharpe vs FLAT (90% CI)
     constant risk      -0.16      0.613    -170.1   -464.3  0.016   
     live estimator      0.16      0.467     -91.0   -258.1  0.016   +0.32 [+0.14, +0.50]
     HAR-800             0.16      0.469     -89.8   -270.5  0.017   +0.32 [+0.15, +0.48]
     IV-adjusted         0.13      0.468     -92.4   -281.6  0.017   +0.29 [+0.13, +0.44]
     pure IV             0.11      0.472     -96.1   -295.0  0.017   +0.27 [+0.12, +0.42]
     HAR-800 vs live estimator Sharpe +0.00 [-0.06, +0.06]
  -- test (253 sessions)
     arm               Sharpe vol-of-vol  worst mo   max DD  tail3   Sharpe vs FLAT (90% CI)
     constant risk      -0.04      0.283     -94.8   -120.0  0.016   
     live estimator     -0.19      0.209     -69.3   -135.7  0.016   -0.15 [-0.53, +0.24]
     HAR-800            -0.18      0.197     -83.1   -127.0  0.020   -0.14 [-0.45, +0.18]
     IV-adjusted        -0.17      0.227     -74.8   -127.6  0.020   -0.13 [-0.44, +0.18]
     pure IV            -0.17      0.239     -78.3   -123.7  0.020   -0.13 [-0.40, +0.16]
     HAR-800 vs live estimator Sharpe +0.01 [-0.15, +0.16]
  -- per class, full window: Sharpe FLAT / A0 / A2 | vol-of-vol FLAT / A0 / A2
     crosses   -0.16 /  0.06 /  0.08   |   0.361 / 0.223 / 0.218
     fx_major  -0.04 / -0.04 / -0.01   |   0.786 / 0.643 / 0.650
     indices   -0.14 /  0.29 /  0.25   |   0.627 / 0.306 / 0.295

===== VERDICT (pre-registered, full window)
  PRIMARY vol targeting steadies risk (A2 < FLAT, LONG and TREND): PASS
  PRIMARY the sigma matters (A2 < A0, LONG and TREND): FAIL
  SECONDARY LONG live estimator  Sharpe vs FLAT -0.02 [-0.25, +0.19] -> within noise
  SECONDARY LONG HAR-800         Sharpe vs FLAT -0.03 [-0.24, +0.16] -> within noise
  SECONDARY LONG IV-adjusted     Sharpe vs FLAT +0.03 [-0.16, +0.21] -> within noise
  SECONDARY LONG pure IV         Sharpe vs FLAT +0.04 [-0.13, +0.23] -> within noise
  SECONDARY TREND live estimator  Sharpe vs FLAT +0.32 [+0.14, +0.50] -> real
  SECONDARY TREND HAR-800         Sharpe vs FLAT +0.32 [+0.15, +0.48] -> real
  SECONDARY TREND IV-adjusted     Sharpe vs FLAT +0.29 [+0.13, +0.44] -> real
  SECONDARY TREND pure IV         Sharpe vs FLAT +0.27 [+0.12, +0.42] -> real
