EURUSD: loading M1...
  1566 trades, 765 agree with naive base rate
GBPUSD: loading M1...
  1801 trades, 1151 agree with naive base rate
USDJPY: loading M1...
  1544 trades, 775 agree with naive base rate
AUDUSD: loading M1...
  1766 trades, 1045 agree with naive base rate
USDCHF: loading M1...
  1957 trades, 1313 agree with naive base rate
EURAUD: loading M1...
  1965 trades, 1167 agree with naive base rate
EURCHF: loading M1...
  2064 trades, 1160 agree with naive base rate
AUDJPY: loading M1...
  1797 trades, 837 agree with naive base rate
CADJPY: loading M1...
  1881 trades, 1157 agree with naive base rate
CHFJPY: loading M1...
  1704 trades, 1042 agree with naive base rate
GOLD: loading M1...
  1787 trades, 865 agree with naive base rate
NQ: loading M1...
  1490 trades, 819 agree with naive base rate
SPX: loading M1...
  552 trades, 271 agree with naive base rate
DOW: loading M1...
  412 trades, 78 agree with naive base rate
US2000: loading M1...
  1381 trades, 600 agree with naive base rate
DE30: loading M1...
  1677 trades, 925 agree with naive base rate
UK100: loading M1...
  1522 trades, 878 agree with naive base rate

Total: 26866 trades, 14848 agree (55.3%)

==============================================================================================
DOES VOTE AGREEMENT WITH THE RAW BASE RATE PREDICT TRADE QUALITY?
==============================================================================================
policy                                 n     win%    meanPct      PF   sharpe   t-stat
ALL (current live trades)         26866    56.0   +0.0248   1.21    5.96  t12.56
AGREES with base rate             14848    59.3   +0.0263   1.22    4.66   t9.82
DISAGREES with base rate          12018    51.8   +0.0230   1.20    3.73   t7.86

--- per pair ---
EURUSD agrees                       765    61.8   +0.0234   1.32    1.62   t3.27
EURUSD disagrees                    801    50.1   +0.0072   1.09    0.53   t1.08
GBPUSD agrees                      1151    57.3   +0.0133   1.15    1.00   t1.99
GBPUSD disagrees                    650    51.1   +0.0158   1.20    0.97   t1.94
USDJPY agrees                       775    60.3   +0.0356   1.31    1.66   t3.41
USDJPY disagrees                    769    51.2   +0.0223   1.24    1.21   t2.47
AUDUSD agrees                      1045    65.6   +0.0534   1.59    3.38   t6.66
AUDUSD disagrees                    721    51.6   +0.0126   1.13    0.70   t1.37
USDCHF agrees                      1313    58.6   +0.0126   1.14    1.04   t2.09
USDCHF disagrees                    644    55.7   +0.0225   1.30    1.45   t2.92
EURAUD agrees                      1167    55.0   -0.0090   0.91   -0.72  t-1.43
EURAUD disagrees                    798    51.1   +0.0017   1.02    0.13   t0.26
EURCHF agrees                      1160    57.9   -0.0001   1.00   -0.01  t-0.02
EURCHF disagrees                    904    52.4   +0.0049   1.09    0.56   t1.11
AUDJPY agrees                       837    61.3   +0.0226   1.19    1.11   t2.18
AUDJPY disagrees                    960    48.5   +0.0077   1.07    0.44   t0.86
CADJPY agrees                      1157    55.9   +0.0082   1.07    0.51   t1.02
CADJPY disagrees                    724    54.7   +0.0258   1.28    1.44   t2.86
CHFJPY agrees                      1042    61.0   +0.0219   1.22    1.37   t2.88
CHFJPY disagrees                    662    54.4   +0.0270   1.37    1.61   t3.38
GOLD agrees                         865    60.7   +0.0543   1.29    1.64   t3.20
GOLD disagrees                      922    50.8   +0.0247   1.14    0.85   t1.67
NQ agrees                           819    56.0   +0.0260   1.11    0.69   t1.35
NQ disagrees                        671    52.2   +0.0708   1.34    1.70   t3.33
SPX agrees                          271    64.9   +0.1011   1.70    2.71   t3.70
SPX disagrees                       281    51.2   +0.0512   1.36    1.59   t2.18
DOW agrees                           78    75.6   +0.1349   2.53    2.86   t3.87
DOW disagrees                       334    56.3   +0.0809   1.62    2.65   t3.65
US2000 agrees                       600    62.0   +0.0828   1.35    1.68   t3.31
US2000 disagrees                    781    53.4   +0.0470   1.22    1.21   t2.39
DE30 agrees                         925    57.3   +0.0256   1.17    1.08   t2.06
DE30 disagrees                      752    49.2   +0.0140   1.10    0.56   t1.06
UK100 agrees                        878    60.0   +0.0418   1.33    1.88   t3.75
UK100 disagrees                     644    50.8   +0.0181   1.15    0.78   t1.54

Of 17 pairs with enough data in both buckets: agree-better in 10, disagree-better in 7

Wrote C:\Users\relli\OneDrive\Documents\Programming\Trading\v2 trading model\MacroFXModel\analysis\output/vote_atlas_confluence_with_base_rate.json
