fx_gold split 2022-06-23
indices split 2022-07-12
done AUDCHF
done CADJPY
done CADCHF
done AUDUSD
done AUDJPY
done AUDCAD
done AUDNZD
done CHFJPY
done DE30
done EURCAD
done EURAUD
done DOW
done EURCHF
done EURGBP
done EURNZD
done EURJPY
done EURUSD
done GBPNZD
done GBPCAD
done GBPAUD
done GBPJPY
done GBPCHF
done GBPUSD
done GOLD
done NQ
done UK100
done NZDJPY
done SPX500
done NZDCAD
done NZDUSD
done US2000
done USDCAD
done USDCHF
done USDJPY
wrote real
done CHFJPY
done AUDNZD
done CADCHF
done AUDJPY
done AUDCAD
done AUDUSD
done CADJPY
done AUDCHF
done DE30
done DOW
done EURJPY
done EURCAD
done EURGBP
done EURNZD
done EURAUD
done EURCHF
done EURUSD
done GBPCAD
done GBPNZD
done GBPJPY
done GBPAUD
done GOLD
done GBPUSD
done GBPCHF
done NZDCAD
done NQ
done NZDJPY
done NZDUSD
done USDCAD
done US2000
done UK100
done SPX500
done USDJPY
done USDCHF
wrote ship
